// Jest Snapshot v1, https://goo.gl/fbAQLP

exports[`withVideo is rendered correctly 1`] = `
<div>
  <video
    alt=""
    height="175"
    poster=""
    src=""
    width="280"
  />
</div>
`;
