// Jest Snapshot v1, https://goo.gl/fbAQLP

exports[`<MovieCard /> should render correctly 1`] = `
<article
  className="small-movie-card catalog__movies-card"
  onClick={[Function]}
  onMouseEnter={[Function]}
  onMouseLeave={[Function]}
>
  <a
    href="/films/2"
    onClick={[Function]}
  >
    <div
      className="small-movie-card__image"
    >
      <video
        alt=""
        className=""
        height={175}
        poster="Some Path"
        src="some path"
        width={280}
      />
    </div>
  </a>
  <h3
    className="small-movie-card__title"
  >
    <a
      className="small-movie-card__link"
      href="/films/2"
      onClick={[Function]}
    >
      Some Title
    </a>
  </h3>
</article>
`;
