// Jest Snapshot v1, https://goo.gl/fbAQLP

exports[`<TrailerVideoPlayer /> should render correctly 1`] = `<video />`;
